2026-08-07 17:58:16,661 [INFO] ================================================================================
2026-08-07 17:58:16,661 [INFO] Processing dataset: FHV
2026-08-07 17:58:16,661 [INFO] ================================================================================
2026-08-07 17:58:16,670 [INFO] [fhv] Found 135 part-files across 12 year partitions
2026-08-07 17:58:52,658 [INFO] [fhv] Processed 20/135 files
2026-08-07 18:00:14,897 [INFO] [fhv] Processed 40/135 files
2026-08-07 18:01:08,963 [INFO] [fhv] Processed 60/135 files
2026-08-07 18:01:17,047 [INFO] [fhv] Processed 80/135 files
2026-08-07 18:01:25,155 [INFO] [fhv] Processed 100/135 files
2026-08-07 18:01:34,669 [INFO] [fhv] Processed 120/135 files
2026-08-07 18:01:44,070 [INFO] [fhv] Processed 135/135 files
2026-08-07 18:01:44,085 [INFO] [fhv] Table saved to /d/hpc/projects/FRI/bigdata/students/em51537/bigdata-final-project/outputs/t2/t2_fhv_quality_by_year.csv
2026-08-07 18:01:45,654 [INFO] [fhv] Chart saved to /d/hpc/projects/FRI/bigdata/students/em51537/bigdata-final-project/outputs/t2/figs/t2_fhv_quality_by_year.png
2026-08-07 18:01:45,659 [INFO] 
[fhv] Summary:
      year_out_of_range  same_pickup_dropoff  missing_dropoff_placeholder  dropoff_before_pickup  total_rows
year                                                                                                        
2015                  0                    0                     63387762                      0    63388532
2016                  0                    0                    132112979                      0   132114083
2017                  0                    0                     72807159                      5   192309557
2018                  0                  205                            0                   7509   260874754
2019                  0                   12                            0                     66    43261276
2020                  0                    0                            0                      0    14945465
2021                  0                    0                            0                      0    14805265
2022                  0                    0                            0                      0    14511664
2023                  0                    0                            1                      0    15858639
2024                  0                    0                            0                      0    17630326
2025                  0                   44                            8                    284    24860987
2026                  0                    0                            0                      1     3890251
