2026-08-07 18:01:48,660 [INFO] ================================================================================
2026-08-07 18:01:48,660 [INFO] Processing dataset: GREEN
2026-08-07 18:01:48,661 [INFO] ================================================================================
2026-08-07 18:01:48,676 [INFO] [green] Found 298 part-files across 22 year partitions
2026-08-07 18:01:49,596 [INFO] [green] Processed 20/298 files
2026-08-07 18:01:50,471 [INFO] [green] Processed 40/298 files
2026-08-07 18:01:51,392 [INFO] [green] Processed 60/298 files
2026-08-07 18:01:52,230 [INFO] [green] Processed 80/298 files
2026-08-07 18:01:53,115 [INFO] [green] Processed 100/298 files
2026-08-07 18:01:54,031 [INFO] [green] Processed 120/298 files
2026-08-07 18:02:05,191 [INFO] [green] Processed 140/298 files
2026-08-07 18:02:19,958 [INFO] [green] Processed 160/298 files
2026-08-07 18:02:30,516 [INFO] [green] Processed 180/298 files
2026-08-07 18:02:38,471 [INFO] [green] Processed 200/298 files
2026-08-07 18:02:41,677 [INFO] [green] Processed 220/298 files
2026-08-07 18:02:44,342 [INFO] [green] Processed 240/298 files
2026-08-07 18:02:45,719 [INFO] [green] Processed 260/298 files
2026-08-07 18:02:50,017 [INFO] [green] Processed 280/298 files
2026-08-07 18:02:51,347 [INFO] [green] Processed 298/298 files
2026-08-07 18:02:51,369 [INFO] [green] Table saved to /d/hpc/projects/FRI/bigdata/students/em51537/bigdata-final-project/outputs/t2/t2_green_quality_by_year.csv
2026-08-07 18:02:51,960 [INFO] [green] Chart saved to /d/hpc/projects/FRI/bigdata/students/em51537/bigdata-final-project/outputs/t2/figs/t2_green_quality_by_year.png
2026-08-07 18:02:51,963 [INFO] 
[green] Summary:
      year_out_of_range  same_pickup_dropoff  missing_dropoff_placeholder  dropoff_before_pickup  zero_distance  zero_passengers  negative_fare  total_rows
year                                                                                                                                                       
2008                  1                    1                          115                      0             22                0              1         115
2009                  2                    1                          315                      0             39                0              3         315
2010                348                    1                          348                      0             17                0              1         348
2012                  3                    0                            3                      0              0                0              0           3
2014                  0                 9978                            0                    202         241457             3346          11626    15837009
2015                  0                12831                            0                    259         273839             6100          30852    19233765
2016                  0                11225                            0                    101         218030             4375          32982    16385541
2017                  0                 6640                            0                     51         135719             1842          26636    11736906
2018                  0                 5477                            0                     28         103608            12371          23060     8899314
2019                  0                14270                            0                    302         138590            11688          19906     6300814
2020                  0                 2448                            0                     94          64464             3199           4422     1734166
2021                  0                 1212                            0                      2          40486             1431           2090     1068729
2022                  0                 1500                            0                      1          49391             3517           2163      840394
2023                  0                 1033                            0                      0          39493             6143           2217      787055
2024                  0                  659                            0                      2          34573             6792           2143      660204
2025                  0                  566                            0                   1344          24439             8256           1736      591369
2026                  0                   53                            0                      1           2676             1129            225       77655
2030                  2                    0                            0                      0              0                0              0           2
2035                  1                    0                            0                      0              1                0              0           1
2041                  1                    0                            0                      0              1                0              0           1
2062                  1                    0                            0                      0              1                0              0           1
2081                  1                    0                            0                      0              0                0              0           1
