Matplotlib is building the font cache; this may take a moment.
2026-08-07 14:28:48,629 [INFO] ================================================================================
2026-08-07 14:28:48,629 [INFO] Processing dataset: YELLOW
2026-08-07 14:28:48,629 [INFO] ================================================================================
2026-08-07 14:28:48,669 [INFO] [yellow] Found 475 part-files across 41 year partitions
2026-08-07 14:28:54,073 [INFO] [yellow] Processed 20/475 files
2026-08-07 14:28:56,692 [INFO] [yellow] Processed 40/475 files
2026-08-07 14:28:59,447 [INFO] [yellow] Processed 60/475 files
2026-08-07 14:29:02,489 [INFO] [yellow] Processed 80/475 files
2026-08-07 14:29:04,641 [INFO] [yellow] Processed 100/475 files
2026-08-07 14:29:06,600 [INFO] [yellow] Processed 120/475 files
2026-08-07 14:29:08,728 [INFO] [yellow] Processed 140/475 files
2026-08-07 14:29:11,670 [INFO] [yellow] Processed 160/475 files
2026-08-07 14:29:13,832 [INFO] [yellow] Processed 180/475 files
2026-08-07 14:29:16,348 [INFO] [yellow] Processed 200/475 files
2026-08-07 14:29:17,907 [INFO] [yellow] Processed 220/475 files
2026-08-07 14:29:39,250 [INFO] [yellow] Processed 240/475 files
2026-08-07 14:31:16,140 [INFO] [yellow] Processed 260/475 files
2026-08-07 14:32:38,548 [INFO] [yellow] Processed 280/475 files
2026-08-07 14:34:40,773 [INFO] [yellow] Processed 300/475 files
2026-08-07 14:35:57,044 [INFO] [yellow] Processed 320/475 files
2026-08-07 14:37:42,692 [INFO] [yellow] Processed 340/475 files
2026-08-07 14:38:11,899 [INFO] [yellow] Processed 360/475 files
2026-08-07 14:38:37,724 [INFO] [yellow] Processed 380/475 files
2026-08-07 14:39:55,491 [INFO] [yellow] Processed 400/475 files
2026-08-07 14:40:30,151 [INFO] [yellow] Processed 420/475 files
2026-08-07 14:41:08,916 [INFO] [yellow] Processed 440/475 files
2026-08-07 14:41:27,015 [INFO] [yellow] Processed 460/475 files
2026-08-07 14:41:29,105 [INFO] [yellow] Processed 475/475 files
2026-08-07 14:41:29,123 [INFO] [yellow] Table saved to /d/hpc/projects/FRI/bigdata/students/em51537/bigdata-final-project/outputs/t2/t2_yellow_quality_by_year.csv
2026-08-07 14:41:31,325 [INFO] [yellow] Chart saved to /d/hpc/projects/FRI/bigdata/students/em51537/bigdata-final-project/outputs/t2/figs/t2_yellow_quality_by_year.png
2026-08-07 14:41:31,328 [INFO] 
[yellow] Summary:
      year_out_of_range  same_pickup_dropoff  dropoff_before_pickup  zero_distance  zero_passengers  negative_fare  total_rows
year                                                                                                                          
2001                  5                    0                      0              4                0              0          27
2002                450                    0                      0             84                0             18         498
2003                 12                    1                      0             19                0              0          50
2004                  1                    0                      0              0                0              0           1
2007                  1                    0                      0              0                0              0           1
2008                  3                    4                      0             42                0              6         771
2009                  5                   11                      0             77                0              8        1304
2010                  1                    0                      0              0                0              0           1
2011                  4                    0                      0              0                0              0           4
2012                  0               385642                   1292         958564          1242327              0   171359008
2013                  0               494450                  10996        1119568             4938           3080   171816340
2014                  0               356083                   8907         954350             7995          18523   165447580
2015                  0               171080                   3917         876727            40683          51339   146039232
2016                  0               141290                   2180         773693            13431          55661   131131805
2017                  0               107007                   1447         743181           166087          56091   113500386
2018                  0                89333                   1044         704268           933067          67781   102870524
2019                  0                77873                   1071         743602          1525798         170050    84597309
2020                  0                17401                  20011         330084           489385          92833    24649266
2021                  0                21710                  37786         407782           703955         139322    30903983
2022                  0                18422                  13613         573980           763344         252883    39655622
2023                  0                13094                   2475         773445           583005         381649    38310138
2024                  0                11935                   1575         776306           401354         731023    41169691
2025                  0               544069                   2235        1402958           260062        2848621    48722584
2026                  0                85665                      3         248988            27671          66183     7124754
2028                  1                    0                      0              0                0              0           1
2029                  7                    0                      0              1                0              0           7
2031                  2                    0                      0              0                0              0           2
2032                  1                    0                      0              0                0              0           1
2033                  3                    0                      0              0                0              0           3
2037                  1                    0                      0              0                0              0           1
2038                  4                    0                      0              0                0              0           4
2041                  3                    0                      0              0                0              0           3
2042                  1                    0                      0              0                0              0           1
2053                  2                    1                      0              1                0              0           2
2058                  3                    0                      0              0                0              0           3
2066                  1                    0                      0              0                0              0           1
2070                  1                    0                      0              1                0              0           1
2084                  8                    0                      0              0                0              0           8
2088                  2                    0                      0              0                0              0           2
2090                  0                    0                      0              0                0              0           1
2098                  1                    0                      0              0                0              0           1
2026-08-07 14:41:31,341 [INFO] ================================================================================
2026-08-07 14:41:31,342 [INFO] Processing dataset: GREEN
2026-08-07 14:41:31,342 [INFO] ================================================================================
2026-08-07 14:41:31,364 [INFO] [green] Found 230 part-files across 22 year partitions
2026-08-07 14:41:34,230 [INFO] [green] Processed 20/230 files
2026-08-07 14:41:36,516 [INFO] [green] Processed 40/230 files
2026-08-07 14:41:38,600 [INFO] [green] Processed 60/230 files
2026-08-07 14:41:40,762 [INFO] [green] Processed 80/230 files
2026-08-07 14:41:48,560 [INFO] [green] Processed 100/230 files
2026-08-07 14:42:01,519 [INFO] [green] Processed 120/230 files
2026-08-07 14:42:54,013 [INFO] [green] Processed 140/230 files
2026-08-07 14:43:05,000 [INFO] [green] Processed 160/230 files
2026-08-07 14:43:17,604 [INFO] [green] Processed 180/230 files
2026-08-07 14:43:24,949 [INFO] [green] Processed 200/230 files
2026-08-07 14:43:31,519 [INFO] [green] Processed 220/230 files
2026-08-07 14:43:35,021 [INFO] [green] Processed 230/230 files
2026-08-07 14:43:35,031 [INFO] [green] Table saved to /d/hpc/projects/FRI/bigdata/students/em51537/bigdata-final-project/outputs/t2/t2_green_quality_by_year.csv
2026-08-07 14:43:35,285 [INFO] [green] Chart saved to /d/hpc/projects/FRI/bigdata/students/em51537/bigdata-final-project/outputs/t2/figs/t2_green_quality_by_year.png
2026-08-07 14:43:35,287 [INFO] 
[green] Summary:
      year_out_of_range  same_pickup_dropoff  dropoff_before_pickup  zero_distance  zero_passengers  negative_fare  total_rows
year                                                                                                                          
2008                  1                    1                      0             22                0              1         115
2009                  2                    1                      0             39                0              3         315
2010                348                    1                      0             17                0              1         348
2012                  3                    0                      0              0                0              0           3
2014                  0                 9978                    202         241457             3346          11626    15837009
2015                  0                12831                    259         273839             6100          30852    19233765
2016                  0                11225                    101         218030             4375          32982    16385541
2017                  0                 6640                     51         135719             1842          26636    11736906
2018                  0                 5477                     28         103608            12371          23060     8899314
2019                  0                14270                    302         138590            11688          19906     6300814
2020                  0                 2448                     94          64464             3199           4422     1734166
2021                  0                 1212                      2          40486             1431           2090     1068729
2022                  0                 1500                      1          49391             3517           2163      840394
2023                  0                 1033                      0          39493             6143           2217      787055
2024                  0                  659                      2          34573             6792           2143      660204
2025                  0                  566                   1344          24439             8256           1736      591369
2026                  0                   53                      1           2676             1129            225       77655
2030                  2                    0                      0              0                0              0           2
2035                  1                    0                      0              1                0              0           1
2041                  1                    0                      0              1                0              0           1
2062                  1                    0                      0              1                0              0           1
2081                  1                    0                      0              0                0              0           1
2026-08-07 14:43:35,289 [INFO] ================================================================================
2026-08-07 14:43:35,289 [INFO] Processing dataset: FHV
2026-08-07 14:43:35,289 [INFO] ================================================================================
2026-08-07 14:43:35,307 [INFO] [fhv] Found 331 part-files across 12 year partitions
2026-08-07 14:43:49,036 [INFO] [fhv] Processed 20/331 files
2026-08-07 14:44:31,827 [INFO] [fhv] Processed 40/331 files
2026-08-07 14:44:47,252 [INFO] [fhv] Processed 60/331 files
2026-08-07 14:45:22,734 [INFO] [fhv] Processed 80/331 files
2026-08-07 14:46:10,101 [INFO] [fhv] Processed 100/331 files
2026-08-07 14:46:49,571 [INFO] [fhv] Processed 120/331 files
2026-08-07 14:47:13,563 [INFO] [fhv] Processed 140/331 files
2026-08-07 14:47:32,844 [INFO] [fhv] Processed 160/331 files
2026-08-07 14:47:54,210 [INFO] [fhv] Processed 180/331 files
2026-08-07 14:48:13,691 [INFO] [fhv] Processed 200/331 files
2026-08-07 14:48:36,725 [INFO] [fhv] Processed 220/331 files
2026-08-07 14:49:07,020 [INFO] [fhv] Processed 240/331 files
2026-08-07 14:49:40,759 [INFO] [fhv] Processed 260/331 files
2026-08-07 14:50:06,821 [INFO] [fhv] Processed 280/331 files
2026-08-07 14:51:03,592 [INFO] [fhv] Processed 300/331 files
2026-08-07 14:51:23,184 [INFO] [fhv] Processed 320/331 files
2026-08-07 14:51:34,380 [INFO] [fhv] Processed 331/331 files
2026-08-07 14:51:34,390 [INFO] [fhv] Table saved to /d/hpc/projects/FRI/bigdata/students/em51537/bigdata-final-project/outputs/t2/t2_fhv_quality_by_year.csv
2026-08-07 14:51:34,565 [INFO] [fhv] Chart saved to /d/hpc/projects/FRI/bigdata/students/em51537/bigdata-final-project/outputs/t2/figs/t2_fhv_quality_by_year.png
2026-08-07 14:51:34,566 [INFO] 
[fhv] Summary:
      year_out_of_range  same_pickup_dropoff  dropoff_before_pickup  total_rows
year                                                                           
2015                  0                    0               63387762    63388532
2016                  0                    0              132112979   132114083
2017                  0                    0               72807164   192309557
2018                  0                  205                   7509   260874754
2019                  0                   12                     66    43261276
2020                  0                    0                      0    14945465
2021                  0                    0                      0    14805265
2022                  0                    0                      0    14511664
2023                  0                    0                      1    15858639
2024                  0                    0                      0    17630326
2025                  0                   44                    292    24860987
2026                  0                    0                      1     3890251
2026-08-07 14:51:34,569 [INFO] ================================================================================
2026-08-07 14:51:34,569 [INFO] Processing dataset: FHVHV
2026-08-07 14:51:34,569 [INFO] ================================================================================
2026-08-07 14:51:34,578 [INFO] [fhvhv] Found 85 part-files across 8 year partitions
2026-08-07 15:01:34,034 [INFO] [fhvhv] Processed 20/85 files
2026-08-07 15:08:16,109 [INFO] [fhvhv] Processed 40/85 files
2026-08-07 15:14:59,085 [INFO] [fhvhv] Processed 60/85 files
2026-08-07 15:19:56,565 [INFO] [fhvhv] Processed 80/85 files
2026-08-07 15:23:15,573 [INFO] [fhvhv] Processed 85/85 files
2026-08-07 15:23:15,579 [INFO] [fhvhv] Table saved to /d/hpc/projects/FRI/bigdata/students/em51537/bigdata-final-project/outputs/t2/t2_fhvhv_quality_by_year.csv
2026-08-07 15:23:15,899 [INFO] [fhvhv] Chart saved to /d/hpc/projects/FRI/bigdata/students/em51537/bigdata-final-project/outputs/t2/figs/t2_fhvhv_quality_by_year.png
2026-08-07 15:23:15,900 [INFO] 
[fhvhv] Summary:
      year_out_of_range  same_pickup_dropoff  dropoff_before_pickup  zero_distance  negative_fare  total_rows
year                                                                                                         
2019                  0                 1804                   7926         514155         594752   234630264
2020                  0                  452                   7444         152429         165773   143309871
2021                  0                  613                   7558          53147         200924   174596652
2022                  0                   10                   8569          43445         233608   212416083
2023                  0                   26                   8481          40779          68532   232490020
2024                  0                   27                   9653          34059          18233   239470448
2025                  0                   27                  12204          28128          13495   243589684
2026                  0                    1                      0           4802          34110    40816059
